Running tests ...
[1A[KRunning 39 tests in 1 runtime ...
[1A[K[1m[32m39 tests, 96 assertions, 1 runtime ... OK[0m
